// Jest Snapshot v1, https://goo.gl/fbAQLP

exports[`Should FavoritesCities render correctly 1`] = `
Array [
  <li
    className="favorites__locations-items"
  >
    <div
      className="favorites__locations locations locations--current"
    >
      <div
        className="locations__item"
      >
        <a
          className="locations__item-link"
          href="#"
        >
          <span>
            Amsterdam
          </span>
        </a>
      </div>
    </div>
    <div
      className="favorites__places"
    >
      <article
        className="place-card favorites__card"
        onMouseEnter={[Function]}
        onMouseLeave={[Function]}
      >
        <div
          className="place-card__image-wrapper favorites__image-wrapper"
        >
          <a
            href="#"
          >
            <img
              alt="Place image"
              className="place-card__image"
              height="110"
              src="img/1.png"
              width="150"
            />
          </a>
        </div>
        <div
          className="place-card__info"
        >
          <div
            className="place-card__price-wrapper"
          >
            <div
              className="place-card__price"
            >
              <b
                className="place-card__price-value"
              >
                €
                120
              </b>
              <span
                className="place-card__price-text"
              >
                / night
              </span>
            </div>
            <button
              className="place-card__bookmark-button button"
              type="button"
            >
              <svg
                className="place-card__bookmark-icon"
                height="19"
                width="18"
              >
                <use
                  xlinkHref="#icon-bookmark"
                />
              </svg>
              <span
                className="visually-hidden"
              >
                In bookmarks
              </span>
            </button>
          </div>
          <div
            className="place-card__rating rating"
          >
            <div
              className="place-card__stars rating__stars"
            >
              <span
                style={
                  Object {
                    "width": "96%",
                  }
                }
              />
              <span
                className="visually-hidden"
              >
                Rating
              </span>
            </div>
          </div>
          <h2
            className="place-card__name"
          >
            <a
              href="/offer/1"
              onClick={[Function]}
            >
              Beautiful & luxurious studio at great location
            </a>
          </h2>
          <p
            className="place-card__type"
          >
            apartment
          </p>
        </div>
      </article>
    </div>
  </li>,
  <li
    className="favorites__locations-items"
  >
    <div
      className="favorites__locations locations locations--current"
    >
      <div
        className="locations__item"
      >
        <a
          className="locations__item-link"
          href="#"
        >
          <span>
            London
          </span>
        </a>
      </div>
    </div>
    <div
      className="favorites__places"
    >
      <article
        className="place-card favorites__card"
        onMouseEnter={[Function]}
        onMouseLeave={[Function]}
      >
        <div
          className="place-card__image-wrapper favorites__image-wrapper"
        >
          <a
            href="#"
          >
            <img
              alt="Place image"
              className="place-card__image"
              height="110"
              src="img/12.png"
              width="150"
            />
          </a>
        </div>
        <div
          className="place-card__info"
        >
          <div
            className="place-card__price-wrapper"
          >
            <div
              className="place-card__price"
            >
              <b
                className="place-card__price-value"
              >
                €
                1420
              </b>
              <span
                className="place-card__price-text"
              >
                / night
              </span>
            </div>
            <button
              className="place-card__bookmark-button button"
              type="button"
            >
              <svg
                className="place-card__bookmark-icon"
                height="19"
                width="18"
              >
                <use
                  xlinkHref="#icon-bookmark"
                />
              </svg>
              <span
                className="visually-hidden"
              >
                In bookmarks
              </span>
            </button>
          </div>
          <div
            className="place-card__rating rating"
          >
            <div
              className="place-card__stars rating__stars"
            >
              <span
                style={
                  Object {
                    "width": "88%",
                  }
                }
              />
              <span
                className="visually-hidden"
              >
                Rating
              </span>
            </div>
          </div>
          <h2
            className="place-card__name"
          >
            <a
              href="/offer/3"
              onClick={[Function]}
            >
              Big Hotel
            </a>
          </h2>
          <p
            className="place-card__type"
          >
            home
          </p>
        </div>
      </article>
    </div>
  </li>,
]
`;
