// Jest Snapshot v1, https://goo.gl/fbAQLP

exports[`withUserAssessment is rendered correctly 1`] = `<div />`;
