// Jest Snapshot v1, https://goo.gl/fbAQLP

exports[`withSortingList is rendered correctly 1`] = `<div />`;
